2026年 04月 06日 星期一 12:07:11 CST: Monitoring CN progress (target: 1000 samples)...
2026年 04月 06日 星期一 12:07:14 CST: CN progress: 55/1000 samples, 7 processes running
2026年 04月 06日 星期一 12:09:17 CST: CN progress: 66/1000 samples, 7 processes running
2026年 04月 06日 星期一 12:11:20 CST: CN progress: 80/1000 samples, 7 processes running
2026年 04月 06日 星期一 12:13:23 CST: CN progress: 90/1000 samples, 7 processes running
2026年 04月 06日 星期一 12:15:26 CST: CN progress: 102/1000 samples, 7 processes running
2026年 04月 06日 星期一 12:17:29 CST: CN progress: 115/1000 samples, 7 processes running
2026年 04月 06日 星期一 12:19:32 CST: CN progress: 126/1000 samples, 7 processes running
2026年 04月 06日 星期一 12:21:35 CST: CN progress: 138/1000 samples, 7 processes running
2026年 04月 06日 星期一 12:23:38 CST: CN progress: 148/1000 samples, 7 processes running
2026年 04月 06日 星期一 12:25:40 CST: CN progress: 161/1000 samples, 7 processes running
2026年 04月 06日 星期一 12:27:43 CST: CN progress: 173/1000 samples, 7 processes running
2026年 04月 06日 星期一 12:29:46 CST: CN progress: 183/1000 samples, 7 processes running
2026年 04月 06日 星期一 12:31:49 CST: CN progress: 194/1000 samples, 7 processes running
2026年 04月 06日 星期一 12:33:52 CST: CN progress: 208/1000 samples, 7 processes running
2026年 04月 06日 星期一 12:35:55 CST: CN progress: 219/1000 samples, 7 processes running
2026年 04月 06日 星期一 12:37:58 CST: CN progress: 230/1000 samples, 7 processes running
2026年 04月 06日 星期一 12:40:01 CST: CN progress: 243/1000 samples, 7 processes running
2026年 04月 06日 星期一 12:42:04 CST: CN progress: 254/1000 samples, 7 processes running
2026年 04月 06日 星期一 12:44:07 CST: CN progress: 265/1000 samples, 7 processes running
2026年 04月 06日 星期一 12:46:10 CST: CN progress: 277/1000 samples, 7 processes running
2026年 04月 06日 星期一 12:48:13 CST: CN progress: 288/1000 samples, 7 processes running
2026年 04月 06日 星期一 12:50:16 CST: CN progress: 300/1000 samples, 7 processes running
2026年 04月 06日 星期一 12:52:19 CST: CN progress: 312/1000 samples, 7 processes running
2026年 04月 06日 星期一 12:54:22 CST: CN progress: 322/1000 samples, 7 processes running
2026年 04月 06日 星期一 12:56:25 CST: CN progress: 335/1000 samples, 7 processes running
2026年 04月 06日 星期一 12:58:28 CST: CN progress: 347/1000 samples, 7 processes running
2026年 04月 06日 星期一 13:00:31 CST: CN progress: 358/1000 samples, 7 processes running
2026年 04月 06日 星期一 13:02:35 CST: CN progress: 370/1000 samples, 7 processes running
2026年 04月 06日 星期一 13:04:38 CST: CN progress: 381/1000 samples, 7 processes running
2026年 04月 06日 星期一 13:06:41 CST: CN progress: 394/1000 samples, 7 processes running
2026年 04月 06日 星期一 13:08:44 CST: CN progress: 405/1000 samples, 7 processes running
2026年 04月 06日 星期一 13:10:48 CST: CN progress: 415/1000 samples, 7 processes running
2026年 04月 06日 星期一 13:12:50 CST: CN progress: 427/1000 samples, 7 processes running
2026年 04月 06日 星期一 13:14:54 CST: CN progress: 440/1000 samples, 7 processes running
2026年 04月 06日 星期一 13:16:57 CST: CN progress: 450/1000 samples, 7 processes running
2026年 04月 06日 星期一 13:19:00 CST: CN progress: 463/1000 samples, 7 processes running
2026年 04月 06日 星期一 13:21:03 CST: CN progress: 474/1000 samples, 7 processes running
2026年 04月 06日 星期一 13:23:06 CST: CN progress: 485/1000 samples, 7 processes running
2026年 04月 06日 星期一 13:25:09 CST: CN progress: 497/1000 samples, 7 processes running
2026年 04月 06日 星期一 13:27:12 CST: CN progress: 508/1000 samples, 7 processes running
2026年 04月 06日 星期一 13:29:15 CST: CN progress: 519/1000 samples, 7 processes running
2026年 04月 06日 星期一 13:31:18 CST: CN progress: 530/1000 samples, 7 processes running
2026年 04月 06日 星期一 13:33:21 CST: CN progress: 543/1000 samples, 7 processes running
2026年 04月 06日 星期一 13:35:24 CST: CN progress: 553/1000 samples, 7 processes running
2026年 04月 06日 星期一 13:37:27 CST: CN progress: 565/1000 samples, 7 processes running
2026年 04月 06日 星期一 13:39:30 CST: CN progress: 577/1000 samples, 7 processes running
2026年 04月 06日 星期一 13:41:33 CST: CN progress: 588/1000 samples, 7 processes running
2026年 04月 06日 星期一 13:43:36 CST: CN progress: 600/1000 samples, 7 processes running
2026年 04月 06日 星期一 13:45:39 CST: CN progress: 610/1000 samples, 7 processes running
2026年 04月 06日 星期一 13:47:43 CST: CN progress: 622/1000 samples, 7 processes running
2026年 04月 06日 星期一 13:49:46 CST: CN progress: 635/1000 samples, 7 processes running
2026年 04月 06日 星期一 13:51:49 CST: CN progress: 645/1000 samples, 7 processes running
2026年 04月 06日 星期一 13:53:52 CST: CN progress: 656/1000 samples, 7 processes running
2026年 04月 06日 星期一 13:55:55 CST: CN progress: 668/1000 samples, 7 processes running
2026年 04月 06日 星期一 13:57:58 CST: CN progress: 680/1000 samples, 7 processes running
2026年 04月 06日 星期一 14:00:02 CST: CN progress: 690/1000 samples, 7 processes running
2026年 04月 06日 星期一 14:02:05 CST: CN progress: 702/1000 samples, 7 processes running
2026年 04月 06日 星期一 14:04:08 CST: CN progress: 714/1000 samples, 7 processes running
2026年 04月 06日 星期一 14:06:11 CST: CN progress: 725/1000 samples, 7 processes running
2026年 04月 06日 星期一 14:08:14 CST: CN progress: 736/1000 samples, 7 processes running
2026年 04月 06日 星期一 14:10:18 CST: CN progress: 747/1000 samples, 7 processes running
2026年 04月 06日 星期一 14:12:21 CST: CN progress: 758/1000 samples, 7 processes running
2026年 04月 06日 星期一 14:14:24 CST: CN progress: 769/1000 samples, 7 processes running
2026年 04月 06日 星期一 14:16:27 CST: CN progress: 782/1000 samples, 7 processes running
2026年 04月 06日 星期一 14:18:31 CST: CN progress: 792/1000 samples, 7 processes running
2026年 04月 06日 星期一 14:20:34 CST: CN progress: 803/1000 samples, 7 processes running
2026年 04月 06日 星期一 14:22:37 CST: CN progress: 815/1000 samples, 7 processes running
2026年 04月 06日 星期一 14:24:40 CST: CN progress: 827/1000 samples, 7 processes running
2026年 04月 06日 星期一 14:26:43 CST: CN progress: 837/1000 samples, 7 processes running
2026年 04月 06日 星期一 14:28:46 CST: CN progress: 847/1000 samples, 7 processes running
2026年 04月 06日 星期一 14:30:49 CST: CN progress: 862/1000 samples, 7 processes running
2026年 04月 06日 星期一 14:32:52 CST: CN progress: 872/1000 samples, 7 processes running
2026年 04月 06日 星期一 14:34:55 CST: CN progress: 882/1000 samples, 7 processes running
2026年 04月 06日 星期一 14:36:58 CST: CN progress: 893/1000 samples, 7 processes running
2026年 04月 06日 星期一 14:39:01 CST: CN progress: 906/1000 samples, 7 processes running
2026年 04月 06日 星期一 14:41:04 CST: CN progress: 917/1000 samples, 7 processes running
2026年 04月 06日 星期一 14:43:07 CST: CN progress: 927/1000 samples, 7 processes running
2026年 04月 06日 星期一 14:45:11 CST: CN progress: 939/1000 samples, 7 processes running
2026年 04月 06日 星期一 14:47:14 CST: CN progress: 950/1000 samples, 7 processes running
2026年 04月 06日 星期一 14:49:17 CST: CN progress: 962/1000 samples, 7 processes running
2026年 04月 06日 星期一 14:51:20 CST: CN progress: 973/1000 samples, 6 processes running
2026年 04月 06日 星期一 14:53:22 CST: CN progress: 980/1000 samples, 5 processes running
2026年 04月 06日 星期一 14:55:26 CST: CN progress: 987/1000 samples, 4 processes running
2026年 04月 06日 星期一 14:57:29 CST: CN progress: 991/1000 samples, 4 processes running
2026年 04月 06日 星期一 14:59:32 CST: CN progress: 995/1000 samples, 4 processes running
2026年 04月 06日 星期一 15:01:36 CST: CN progress: 1000/1000 samples, 2 processes running
2026年 04月 06日 星期一 15:01:36 CST: CN target reached! Samples: 1000
2026年 04月 06日 星期一 15:01:36 CST: Aggregating CN results...
Collected 1000 sample results from /data1/lixiang/EmotionalLLM/code/white_box_opens2s_v2/result/blackbox/CN
Summaries written to /data1/lixiang/EmotionalLLM/code/white_box_opens2s_v2/result/blackbox/CN (1000 samples)
2026年 04月 06日 星期一 15:01:38 CST: CN aggregation done.
2026年 04月 06日 星期一 15:01:38 CST: Waiting for GPUs to be released...
2026年 04月 06日 星期一 15:02:08 CST: === Starting EN attack (speakers 0011-0020) ===
2026年 04月 06日 星期一 15:02:08 CST: Starting EN shard 0 on GPU 0
  PID: 2937483
2026年 04月 06日 星期一 15:02:38 CST: Starting EN shard 1 on GPU 2
  PID: 2938259
2026年 04月 06日 星期一 15:03:08 CST: Starting EN shard 2 on GPU 3
  PID: 2939090
2026年 04月 06日 星期一 15:03:38 CST: Starting EN shard 3 on GPU 4
  PID: 2939952
2026年 04月 06日 星期一 15:04:08 CST: Starting EN shard 4 on GPU 5
  PID: 2940617
2026年 04月 06日 星期一 15:04:38 CST: All EN shards started. PIDs: 2937483 2938259 2939090 2939952 2940617
2026年 04月 06日 星期一 18:07:53 CST: EN phase done. Samples: 1000, Failed shards: 0
2026年 04月 06日 星期一 18:07:53 CST: Aggregating EN results...
Collected 1000 sample results from /data1/lixiang/EmotionalLLM/code/white_box_opens2s_v2/result/blackbox/EN
Summaries written to /data1/lixiang/EmotionalLLM/code/white_box_opens2s_v2/result/blackbox/EN (1000 samples)

==========================================
2026年 04月 06日 星期一 18:07:56 CST: EXPERIMENT COMPLETE
CN samples: 1000 (target: 1000)
EN samples: 1000 (target: 1000)
Total: 2000
Results: /data1/lixiang/EmotionalLLM/code/white_box_opens2s_v2/result/blackbox
==========================================
